Microchip MPLAB XC8 Compiler V2.10 ()

Linker command line:

-W-3 --edf=C:\Program Files (x86)\Microchip\xc8\v2.10\pic\dat\en_msgs.txt \
  -cs -h+dist/default/production\pantallalcd.X.production.sym \
  --cmf=dist/default/production\pantallalcd.X.production.cmf -z -Q18F45K50 \
  -oC:\Users\sergi\AppData\Local\Temp\s8fs.2 --defsym=__MPLAB_BUILD=1 \
  -Mdist/default/production/pantallalcd.X.production.map -E1 -ver=XC8 \
  --acfsm=1493 -ASTACK=060h-07FFh -pstack=STACK -ACODE=00h-07FFFh \
  -ACONST=00h-07FFFh -ASMALLCONST=0800h-08FFhx120 \
  -AMEDIUMCONST=0800h-07FFFh -ACOMRAM=01h-05Fh -AABS1=00h-07FFh \
  -ABIGRAM=01h-07FFh -ARAM=060h-0FFh,0100h-01FFhx7 -ABANK0=060h-0FFh \
  -ABANK1=0100h-01FFh -ABANK2=0200h-02FFh -ABANK3=0300h-03FFh \
  -ABANK4=0400h-04FFh -ABANK5=0500h-05FFh -ABANK6=0600h-06FFh \
  -ABANK7=0700h-07FFh -ASFR=0F53h-0F5Fh,0F60h-0FFFh \
  -preset_vec=00h,intcode,intcodelo,powerup,init -pramtop=0800h \
  -psmallconst=SMALLCONST -pmediumconst=MEDIUMCONST -pconst=CONST \
  -AFARRAM=00h-00h -ACONFIG=0300000h-030000Dh -pconfig=CONFIG \
  -AIDLOC=0200000h-0200007h -pidloc=IDLOC -AEEDATA=0F00000h-0F000FFh \
  -peeprom_data=EEDATA \
  -prdata=COMRAM,nvrram=COMRAM,nvbit=COMRAM,rbss=COMRAM,rbit=COMRAM \
  -pfarbss=FARRAM,fardata=FARRAM,nvFARRAM=FARRAM \
  -pintsave_regs=BIGRAM,bigbss=BIGRAM,bigdata=BIGRAM -pbss=RAM \
  -pidata=CODE,irdata=CODE,ibigdata=CODE,ifardata=CODE -prparam=COMRAM \
  C:\Users\sergi\AppData\Local\Temp\s8fs.o \
  dist/default/production\pantallalcd.X.production.o 

Object code version is 3.11

Machine type is 18F45K50

Call graph: (short form)




                Name                               Link     Load   Length Selector   Space Scale
C:\Users\sergi\AppData\Local\Temp\s8fs.o
                init                                  0        0        4        0       0
                idloc                            200000   200000        8   200000       0
                config                           300000   300000        E   300000       0
dist/default/production\pantallalcd.X.production.o
                smallconst                          800      800       1A      400       0
                text9                               ACA      ACA       5C      40D       0
                text8                               BE4      BE4       18      40D       0
                text7                               B7C      B7C       4A      40D       0
                text6                               934      934       F0      40D       0
                text5                               C1E      C1E        A      40D       0
                text4                               BC6      BC6       1E      40D       0
                text3                               B26      B26       56      40D       0
                text2                               81A      81A      11A      40D       0
                text1                               BFC      BFC       14      40D       0
                text0                               A24      A24       A6      40D       0
                cstackCOMRAM                          1        1       15        1       1
                cinit                               C10      C10        E      40D       0

TOTAL           Name                               Link     Load   Length     Space
        CLASS   STACK          

        CLASS   CODE           
                init                                  0        0        4         0
                text9                               ACA      ACA       5C         0
                text8                               BE4      BE4       18         0
                text7                               B7C      B7C       4A         0
                text6                               934      934       F0         0
                text5                               C1E      C1E        A         0
                text4                               BC6      BC6       1E         0
                text3                               B26      B26       56         0
                text2                               81A      81A      11A         0
                text1                               BFC      BFC       14         0
                text0                               A24      A24       A6         0
                cinit                               C10      C10        E         0

        CLASS   CONST          

        CLASS   SMALLCONST     
                smallconst                          800      800       1A         0

        CLASS   MEDIUMCONST    

        CLASS   COMRAM         
                cstackCOMRAM                          1        1       15         1

        CLASS   ABS1           

        CLASS   BIGRAM         

        CLASS   RAM            

        CLASS   BANK0          

        CLASS   BANK1          

        CLASS   BANK2          

        CLASS   BANK3          

        CLASS   BANK4          

        CLASS   BANK5          

        CLASS   BANK6          

        CLASS   BANK7          

        CLASS   SFR            

        CLASS   FARRAM         

        CLASS   CONFIG         
                config                           300000   300000        E         0

        CLASS   IDLOC          
                idloc                            200000   200000        8         0

        CLASS   EEDATA         



SEGMENTS        Name                           Load    Length   Top    Selector   Space  Class

                reset_vec                      000000  000004  000004         0       0  CODE    
                cstackCOMRAM                   000001  000015  000016         1       1  COMRAM  
                smallconst                     000800  00001A  00081A       400       0  SMALLCON
                text2                          00081A  00040E  000C28       40D       0  CODE    
                idloc                          200000  000008  200008    200000       0  IDLOC   
                config                         300000  00000E  30000E    300000       0  CONFIG  


UNUSED ADDRESS RANGES

        Name                Unused          Largest block    Delta
        BANK0            000060-0000FF               A0
        BANK1            000100-0001FF              100
        BANK2            000200-0002FF              100
        BANK3            000300-0003FF              100
        BANK4            000400-0004FF              100
        BANK5            000500-0005FF              100
        BANK6            000600-0006FF              100
        BANK7            000700-0007FF              100
        BIGRAM           000016-0007FF              7EA
        CODE             000004-0007FF              7FC
                         000C28-007FFF             73D8
        COMRAM           000016-00005F               4A
        CONST            000004-0007FF              7FC
                         000C28-007FFF             73D8
        EEDATA           F00000-F000FF              100
        MEDIUMCONST      000C28-007FFF             73D8
        RAM              000060-0007FF              100
        SFR              000F53-000FFF                D
        SMALLCONST       000C28-007FFF              100
        STACK            000060-0007FF              7A0

                                  Symbol Table

_ANSELD                  (abs)        000F5E
_ANSELE                  (abs)        000F5F
_OSCCON                  (abs)        000FD3
_OSCCON2                 (abs)        000FD2
_PORTDbits               (abs)        000F83
_PORTEbits               (abs)        000F84
_TRISD                   (abs)        000F95
_TRISE                   (abs)        000F96
__CFG_BOREN$SBORDIS      (abs)        000000
__CFG_BORV$190           (abs)        000000
__CFG_CCP2MX$RC1         (abs)        000000
__CFG_CFGPLLEN$OFF       (abs)        000000
__CFG_CP0$OFF            (abs)        000000
__CFG_CP1$OFF            (abs)        000000
__CFG_CP2$OFF            (abs)        000000
__CFG_CP3$OFF            (abs)        000000
__CFG_CPB$OFF            (abs)        000000
__CFG_CPD$OFF            (abs)        000000
__CFG_CPUDIV$NOCLKDIV    (abs)        000000
__CFG_EBTR0$OFF          (abs)        000000
__CFG_EBTR1$OFF          (abs)        000000
__CFG_EBTR2$OFF          (abs)        000000
__CFG_EBTR3$OFF          (abs)        000000
__CFG_EBTRB$OFF          (abs)        000000
__CFG_FCMEN$OFF          (abs)        000000
__CFG_FOSC$INTOSCIO      (abs)        000000
__CFG_ICPRT$OFF          (abs)        000000
__CFG_IESO$OFF           (abs)        000000
__CFG_LS48MHZ$SYS24X4    (abs)        000000
__CFG_LVP$ON             (abs)        000000
__CFG_MCLRE$ON           (abs)        000000
__CFG_PBADEN$ON          (abs)        000000
__CFG_PCLKEN$ON          (abs)        000000
__CFG_PLLSEL$PLL4X       (abs)        000000
__CFG_SDOMX$RB3          (abs)        000000
__CFG_STVREN$ON          (abs)        000000
__CFG_T3CMX$RC0          (abs)        000000
__CFG_WDTEN$OFF          (abs)        000000
__CFG_WDTPS$32768        (abs)        000000
__CFG_WRT0$OFF           (abs)        000000
__CFG_WRT1$OFF           (abs)        000000
__CFG_WRT2$OFF           (abs)        000000
__CFG_WRT3$OFF           (abs)        000000
__CFG_WRTB$OFF           (abs)        000000
__CFG_WRTC$OFF           (abs)        000000
__CFG_WRTD$OFF           (abs)        000000
__CFG_XINST$OFF          (abs)        000000
__CFG_nLPBOR$OFF         (abs)        000000
__CFG_nPWRTEN$OFF        (abs)        000000
__HRAM                   (abs)        000000
__Habs1                  abs1         000000
__Hbank0                 bank0        000000
__Hbank1                 bank1        000000
__Hbank2                 bank2        000000
__Hbank3                 bank3        000000
__Hbank4                 bank4        000000
__Hbank5                 bank5        000000
__Hbank6                 bank6        000000
__Hbank7                 bank7        000000
__Hbigbss                bigbss       000000
__Hbigdata               bigdata      000000
__Hbigram                bigram       000000
__Hbss                   bss          000000
__Hcinit                 cinit        000000
__Hclrtext               clrtext      000000
__Hcomram                comram       000000
__Hconfig                config       30000E
__Hconst                 const        000000
__HcstackCOMRAM          cstackCOMRAM 000000
__Hdata                  data         000000
__Heeprom_data           eeprom_data  000000
__Hfarbss                farbss       000000
__Hfardata               fardata      000000
__Hibigdata              ibigdata     000000
__Hidata                 idata        000000
__Hidloc                 idloc        200008
__Hifardata              ifardata     000000
__Hinit                  init         000004
__Hintcode               intcode      000000
__Hintcode_body          intcode_body 000000
__Hintcodelo             intcodelo    000000
__Hintentry              intentry     000000
__Hintret                intret       000000
__Hintsave_regs          intsave_regs 000000
__Hirdata                irdata       000000
__Hmediumconst           mediumconst  000000
__HnvFARRAM              nvFARRAM     000000
__Hnvbit                 nvbit        000000
__Hnvrram                nvrram       000000
__Hparam                 rparam       000000
__Hpowerup               powerup      000000
__Hram                   ram          000000
__Hramtop                ramtop       000800
__Hrbit                  rbit         000000
__Hrbss                  rbss         000000
__Hrdata                 rdata        000000
__Hreset_vec             reset_vec    000000
__Hrparam                rparam       000000
__Hsfr                   sfr          000000
__Hsmallconst            smallconst   00081A
__Hspace_0               (abs)        30000E
__Hspace_1               (abs)        000016
__Hspace_2               (abs)        000000
__Hstack                 stack        000000
__Hstruct                struct       000000
__Htemp                  temp         000000
__Htext                  text         000000
__Htext0                 text0        000000
__Htext1                 text1        000000
__Htext2                 text2        000000
__Htext3                 text3        000000
__Htext4                 text4        000000
__Htext5                 text5        000000
__Htext6                 text6        000000
__Htext7                 text7        000000
__Htext8                 text8        000000
__Htext9                 text9        000000
__LRAM                   (abs)        000001
__Labs1                  abs1         000000
__Lbank0                 bank0        000000
__Lbank1                 bank1        000000
__Lbank2                 bank2        000000
__Lbank3                 bank3        000000
__Lbank4                 bank4        000000
__Lbank5                 bank5        000000
__Lbank6                 bank6        000000
__Lbank7                 bank7        000000
__Lbigbss                bigbss       000000
__Lbigdata               bigdata      000000
__Lbigram                bigram       000000
__Lbss                   bss          000000
__Lcinit                 cinit        000000
__Lclrtext               clrtext      000000
__Lcomram                comram       000000
__Lconfig                config       300000
__Lconst                 const        000000
__LcstackCOMRAM          cstackCOMRAM 000000
__Ldata                  data         000000
__Leeprom_data           eeprom_data  000000
__Lfarbss                farbss       000000
__Lfardata               fardata      000000
__Libigdata              ibigdata     000000
__Lidata                 idata        000000
__Lidloc                 idloc        200000
__Lifardata              ifardata     000000
__Linit                  init         000000
__Lintcode               intcode      000000
__Lintcode_body          intcode_body 000000
__Lintcodelo             intcodelo    000000
__Lintentry              intentry     000000
__Lintret                intret       000000
__Lintsave_regs          intsave_regs 000000
__Lirdata                irdata       000000
__Lmediumconst           mediumconst  000000
__LnvFARRAM              nvFARRAM     000000
__Lnvbit                 nvbit        000000
__Lnvrram                nvrram       000000
__Lparam                 rparam       000000
__Lpowerup               powerup      000000
__Lram                   ram          000000
__Lramtop                ramtop       000800
__Lrbit                  rbit         000000
__Lrbss                  rbss         000000
__Lrdata                 rdata        000000
__Lreset_vec             reset_vec    000000
__Lrparam                rparam       000000
__Lsfr                   sfr          000000
__Lsmallconst            smallconst   000800
__Lspace_0               (abs)        000000
__Lspace_1               (abs)        000000
__Lspace_2               (abs)        000000
__Lstack                 stack        000000
__Lstruct                struct       000000
__Ltemp                  temp         000000
__Ltext                  text         000000
__Ltext0                 text0        000000
__Ltext1                 text1        000000
__Ltext2                 text2        000000
__Ltext3                 text3        000000
__Ltext4                 text4        000000
__Ltext5                 text5        000000
__Ltext6                 text6        000000
__Ltext7                 text7        000000
__Ltext8                 text8        000000
__Ltext9                 text9        000000
__S0                     (abs)        30000E
__S1                     (abs)        000016
__S2                     (abs)        000000
___inthi_sp              stack        000000
___intlo_sp              stack        000000
___param_bank            (abs)        000000
___rparam_used           (abs)        000001
___sp                    stack        000000
__accesstop              (abs)        000060
__activetblptr           (abs)        000001
__end_of__initialization cinit        000C10
__end_of_begin           text7        000BC6
__end_of_busdata         text9        000B26
__end_of_caracter        text4        000BE4
__end_of_comando         text8        000BFC
__end_of_create          text6        000A24
__end_of_main            text0        000ACA
__end_of_oscilador       text5        000C28
__end_of_print           text3        000B7C
__end_of_setCursor       text2        000934
__end_of_writecaracter   text1        000C10
__initialization         cinit        000C10
__mediumconst            mediumconst  000000
__pcinit                 cinit        000C10
__pcstackCOMRAM          cstackCOMRAM 000001
__psmallconst            smallconst   000800
__ptext0                 text0        000A24
__ptext1                 text1        000BFC
__ptext2                 text2        00081A
__ptext3                 text3        000B26
__ptext4                 text4        000BC6
__ptext5                 text5        000C1E
__ptext6                 text6        000934
__ptext7                 text7        000B7C
__ptext8                 text8        000BE4
__ptext9                 text9        000ACA
__ramtop                 ramtop       000800
__size_of_begin          (abs)        000000
__size_of_busdata        (abs)        000000
__size_of_caracter       (abs)        000000
__size_of_comando        (abs)        000000
__size_of_create         (abs)        000000
__size_of_main           (abs)        000000
__size_of_oscilador      (abs)        000000
__size_of_print          (abs)        000000
__size_of_setCursor      (abs)        000000
__size_of_writecaracter  (abs)        000000
__smallconst             smallconst   000800
_begin                   text7        000B7C
_busdata                 text9        000ACA
_caracter                text4        000BC6
_comando                 text8        000BE4
_create                  text6        000934
_main                    text0        000A24
_oscilador               text5        000C1E
_print                   text3        000B26
_setCursor               text2        00081A
_writecaracter           text1        000BFC
busdata@a                cstackCOMRAM 000001
caracter@a               cstackCOMRAM 000005
caracter@m               cstackCOMRAM 000003
caracter@n               cstackCOMRAM 000004
comando@a                cstackCOMRAM 000002
create@a                 cstackCOMRAM 00000C
create@b                 cstackCOMRAM 000003
create@c                 cstackCOMRAM 000004
create@d                 cstackCOMRAM 000005
create@e                 cstackCOMRAM 000006
create@f                 cstackCOMRAM 000007
create@g                 cstackCOMRAM 000008
create@h                 cstackCOMRAM 000009
create@i                 cstackCOMRAM 00000A
create@m                 cstackCOMRAM 00000D
create@n                 cstackCOMRAM 00000E
end_of_initialization    cinit        000C10
intlevel0                text         000000
intlevel1                text         000000
intlevel2                text         000000
intlevel3                text         000000
print@a                  cstackCOMRAM 000006
print@k                  cstackCOMRAM 00000A
setCursor@m              cstackCOMRAM 000007
setCursor@n              cstackCOMRAM 000008
setCursor@x              cstackCOMRAM 000009
setCursor@y              cstackCOMRAM 000003
stackhi                  (abs)        0007FF
stacklo                  (abs)        000060
start                    init         000000
start_initialization     cinit        000C10
writecaracter@a          cstackCOMRAM 000003


FUNCTION INFORMATION:

 *************** function _main *****************
 Defined at:
		line 21 in file "main.c"
 Parameters:    Size  Location     Type
  argc            2   14[COMRAM] int 
  argv            3   16[COMRAM] PTR PTR unsigned char 
 Auto vars:     Size  Location     Type
		None
 Return value:  Size  Location     Type
                  2   14[COMRAM] int 
 Registers used:
		wreg, status,2, status,0, tblptrl, tblptrh, tblptru, cstack
 Tracked objects:
		On entry : 
		On exit  : 
		Unchanged: 
 Data sizes:     COMRAM   BANK0   BANK1   BANK2   BANK3   BANK4   BANK5   BANK6   BANK7
      Params:         5       0       0       0       0       0       0       0       0
      Locals:         0       0       0       0       0       0       0       0       0
      Temps:          2       0       0       0       0       0       0       0       0
      Totals:         7       0       0       0       0       0       0       0       0
Total ram usage:        7 bytes
 Hardware stack levels required when called:    4
 This function calls:
		_begin
		_create
		_oscilador
		_print
		_setCursor
		_writecaracter
 This function is called by:
		Startup code after reset
 This function uses a non-reentrant model


 *************** function _writecaracter *****************
 Defined at:
		line 150 in file "LCD.c"
 Parameters:    Size  Location     Type
  a               1    wreg     unsigned char 
 Auto vars:     Size  Location     Type
  a               1    2[COMRAM] unsigned char 
 Return value:  Size  Location     Type
                  1    wreg      void 
 Registers used:
		wreg, status,2, status,0, cstack
 Tracked objects:
		On entry : 
		On exit  : 
		Unchanged: 
 Data sizes:     COMRAM   BANK0   BANK1   BANK2   BANK3   BANK4   BANK5   BANK6   BANK7
      Params:         0       0       0       0       0       0       0       0       0
      Locals:         1       0       0       0       0       0       0       0       0
      Temps:          0       0       0       0       0       0       0       0       0
      Totals:         1       0       0       0       0       0       0       0       0
Total ram usage:        1 bytes
 Hardware stack levels used:    1
 Hardware stack levels required when called:    2
 This function calls:
		_comando
 This function is called by:
		_main
 This function uses a non-reentrant model


 *************** function _setCursor *****************
 Defined at:
		line 57 in file "LCD.c"
 Parameters:    Size  Location     Type
  x               1    wreg     unsigned char 
  y               1    2[COMRAM] unsigned char 
 Auto vars:     Size  Location     Type
  x               1    8[COMRAM] unsigned char 
  n               1    7[COMRAM] unsigned char 
  m               1    6[COMRAM] unsigned char 
 Return value:  Size  Location     Type
                  1    wreg      void 
 Registers used:
		wreg, status,2, status,0, cstack
 Tracked objects:
		On entry : 
		On exit  : 
		Unchanged: 
 Data sizes:     COMRAM   BANK0   BANK1   BANK2   BANK3   BANK4   BANK5   BANK6   BANK7
      Params:         1       0       0       0       0       0       0       0       0
      Locals:         3       0       0       0       0       0       0       0       0
      Temps:          3       0       0       0       0       0       0       0       0
      Totals:         7       0       0       0       0       0       0       0       0
Total ram usage:        7 bytes
 Hardware stack levels used:    1
 Hardware stack levels required when called:    2
 This function calls:
		_comando
 This function is called by:
		_main
 This function uses a non-reentrant model


 *************** function _print *****************
 Defined at:
		line 96 in file "LCD.c"
 Parameters:    Size  Location     Type
  a               2    5[COMRAM] PTR unsigned char 
		 -> STR_2(9), STR_1(15), 
 Auto vars:     Size  Location     Type
  k               2    9[COMRAM] int 
 Return value:  Size  Location     Type
                  1    wreg      void 
 Registers used:
		wreg, status,2, status,0, tblptrl, tblptrh, tblptru, cstack
 Tracked objects:
		On entry : 
		On exit  : 
		Unchanged: 
 Data sizes:     COMRAM   BANK0   BANK1   BANK2   BANK3   BANK4   BANK5   BANK6   BANK7
      Params:         2       0       0       0       0       0       0       0       0
      Locals:         2       0       0       0       0       0       0       0       0
      Temps:          2       0       0       0       0       0       0       0       0
      Totals:         6       0       0       0       0       0       0       0       0
Total ram usage:        6 bytes
 Hardware stack levels used:    1
 Hardware stack levels required when called:    3
 This function calls:
		_caracter
 This function is called by:
		_main
 This function uses a non-reentrant model


 *************** function _caracter *****************
 Defined at:
		line 86 in file "LCD.c"
 Parameters:    Size  Location     Type
  a               1    wreg     unsigned char 
 Auto vars:     Size  Location     Type
  a               1    4[COMRAM] unsigned char 
  n               1    3[COMRAM] unsigned char 
  m               1    2[COMRAM] unsigned char 
 Return value:  Size  Location     Type
                  1    wreg      void 
 Registers used:
		wreg, status,2, status,0, cstack
 Tracked objects:
		On entry : 
		On exit  : 
		Unchanged: 
 Data sizes:     COMRAM   BANK0   BANK1   BANK2   BANK3   BANK4   BANK5   BANK6   BANK7
      Params:         0       0       0       0       0       0       0       0       0
      Locals:         3       0       0       0       0       0       0       0       0
      Temps:          0       0       0       0       0       0       0       0       0
      Totals:         3       0       0       0       0       0       0       0       0
Total ram usage:        3 bytes
 Hardware stack levels used:    1
 Hardware stack levels required when called:    2
 This function calls:
		_comando
 This function is called by:
		_print
 This function uses a non-reentrant model


 *************** function _oscilador *****************
 Defined at:
		line 42 in file "main.c"
 Parameters:    Size  Location     Type
		None
 Auto vars:     Size  Location     Type
		None
 Return value:  Size  Location     Type
                  1    wreg      void 
 Registers used:
		wreg, status,2
 Tracked objects:
		On entry : 
		On exit  : 
		Unchanged: 
 Data sizes:     COMRAM   BANK0   BANK1   BANK2   BANK3   BANK4   BANK5   BANK6   BANK7
      Params:         0       0       0       0       0       0       0       0       0
      Locals:         0       0       0       0       0       0       0       0       0
      Temps:          0       0       0       0       0       0       0       0       0
      Totals:         0       0       0       0       0       0       0       0       0
Total ram usage:        0 bytes
 Hardware stack levels used:    1
 This function calls:
		Nothing
 This function is called by:
		_main
 This function uses a non-reentrant model


 *************** function _create *****************
 Defined at:
		line 103 in file "LCD.c"
 Parameters:    Size  Location     Type
  a               1    wreg     unsigned char 
  b               1    2[COMRAM] unsigned char 
  c               1    3[COMRAM] unsigned char 
  d               1    4[COMRAM] unsigned char 
  e               1    5[COMRAM] unsigned char 
  f               1    6[COMRAM] unsigned char 
  g               1    7[COMRAM] unsigned char 
  h               1    8[COMRAM] unsigned char 
  i               1    9[COMRAM] unsigned char 
 Auto vars:     Size  Location     Type
  a               1   11[COMRAM] unsigned char 
  n               1   13[COMRAM] unsigned char 
  m               1   12[COMRAM] unsigned char 
 Return value:  Size  Location     Type
                  1    wreg      void 
 Registers used:
		wreg, status,2, status,0, cstack
 Tracked objects:
		On entry : 
		On exit  : 
		Unchanged: 
 Data sizes:     COMRAM   BANK0   BANK1   BANK2   BANK3   BANK4   BANK5   BANK6   BANK7
      Params:         8       0       0       0       0       0       0       0       0
      Locals:         3       0       0       0       0       0       0       0       0
      Temps:          1       0       0       0       0       0       0       0       0
      Totals:        12       0       0       0       0       0       0       0       0
Total ram usage:       12 bytes
 Hardware stack levels used:    1
 Hardware stack levels required when called:    2
 This function calls:
		_comando
 This function is called by:
		_main
 This function uses a non-reentrant model


 *************** function _begin *****************
 Defined at:
		line 42 in file "LCD.c"
 Parameters:    Size  Location     Type
		None
 Auto vars:     Size  Location     Type
		None
 Return value:  Size  Location     Type
                  1    wreg      void 
 Registers used:
		wreg, status,2, cstack
 Tracked objects:
		On entry : 
		On exit  : 
		Unchanged: 
 Data sizes:     COMRAM   BANK0   BANK1   BANK2   BANK3   BANK4   BANK5   BANK6   BANK7
      Params:         0       0       0       0       0       0       0       0       0
      Locals:         0       0       0       0       0       0       0       0       0
      Temps:          0       0       0       0       0       0       0       0       0
      Totals:         0       0       0       0       0       0       0       0       0
Total ram usage:        0 bytes
 Hardware stack levels used:    1
 Hardware stack levels required when called:    2
 This function calls:
		_comando
 This function is called by:
		_main
 This function uses a non-reentrant model


 *************** function _comando *****************
 Defined at:
		line 33 in file "LCD.c"
 Parameters:    Size  Location     Type
  a               1    wreg     unsigned char 
 Auto vars:     Size  Location     Type
  a               1    1[COMRAM] unsigned char 
 Return value:  Size  Location     Type
                  1    wreg      void 
 Registers used:
		wreg, status,2, cstack
 Tracked objects:
		On entry : 
		On exit  : 
		Unchanged: 
 Data sizes:     COMRAM   BANK0   BANK1   BANK2   BANK3   BANK4   BANK5   BANK6   BANK7
      Params:         0       0       0       0       0       0       0       0       0
      Locals:         1       0       0       0       0       0       0       0       0
      Temps:          0       0       0       0       0       0       0       0       0
      Totals:         1       0       0       0       0       0       0       0       0
Total ram usage:        1 bytes
 Hardware stack levels used:    1
 Hardware stack levels required when called:    1
 This function calls:
		_busdata
 This function is called by:
		_begin
		_setCursor
		_caracter
		_create
		_writecaracter
 This function uses a non-reentrant model


 *************** function _busdata *****************
 Defined at:
		line 5 in file "LCD.c"
 Parameters:    Size  Location     Type
  a               1    wreg     unsigned char 
 Auto vars:     Size  Location     Type
  a               1    0[COMRAM] unsigned char 
 Return value:  Size  Location     Type
                  1    wreg      void 
 Registers used:
		wreg
 Tracked objects:
		On entry : 
		On exit  : 
		Unchanged: 
 Data sizes:     COMRAM   BANK0   BANK1   BANK2   BANK3   BANK4   BANK5   BANK6   BANK7
      Params:         0       0       0       0       0       0       0       0       0
      Locals:         1       0       0       0       0       0       0       0       0
      Temps:          0       0       0       0       0       0       0       0       0
      Totals:         1       0       0       0       0       0       0       0       0
Total ram usage:        1 bytes
 Hardware stack levels used:    1
 This function calls:
		Nothing
 This function is called by:
		_comando
 This function uses a non-reentrant model



MODULE INFORMATION

Module		Function		Class		Link	Load	Size
shared
		__initialization		CODE           	0C10	0000	1

shared estimated size: 1

main.c
		_main          		CODE           	0A24	0000	167
		_oscilador     		CODE           	0C1E	0000	11

main.c estimated size: 178

LCD.c
		_comando       		CODE           	0BE4	0000	25
		_busdata       		CODE           	0ACA	0000	93
		_writecaracter 		CODE           	0BFC	0000	21
		_print         		CODE           	0B26	0000	87
		_begin         		CODE           	0B7C	0000	75
		_setCursor     		CODE           	081A	0000	283
		_caracter      		CODE           	0BC6	0000	31
		_create        		CODE           	0934	0000	241

LCD.c estimated size: 856

