Microchip MPLAB XC8 Compiler V2.10 ()

Linker command line:

-W-3 --edf=C:\Program Files (x86)\Microchip\xc8\v2.10\pic\dat\en_msgs.txt \
  -cs -h+dist/default/production\menu_lcd.X.production.sym \
  --cmf=dist/default/production\menu_lcd.X.production.cmf -z -Q18F45K50 \
  -oC:\Users\sergi\AppData\Local\Temp\s27k.2 --defsym=__MPLAB_BUILD=1 \
  -Mdist/default/production/menu_lcd.X.production.map -E1 -ver=XC8 \
  --acfsm=1493 -ASTACK=060h-07FFh -pstack=STACK -ACODE=00h-07FFFh \
  -ACONST=00h-07FFFh -ASMALLCONST=0800h-08FFhx120 \
  -AMEDIUMCONST=0800h-07FFFh -ACOMRAM=01h-05Fh -AABS1=00h-07FFh \
  -ABIGRAM=01h-07FFh -ARAM=060h-0FFh,0100h-01FFhx7 -ABANK0=060h-0FFh \
  -ABANK1=0100h-01FFh -ABANK2=0200h-02FFh -ABANK3=0300h-03FFh \
  -ABANK4=0400h-04FFh -ABANK5=0500h-05FFh -ABANK6=0600h-06FFh \
  -ABANK7=0700h-07FFh -ASFR=0F53h-0F5Fh,0F60h-0FFFh \
  -preset_vec=00h,intcode=08h,intcodelo,powerup,init -pramtop=0800h \
  -psmallconst=SMALLCONST -pmediumconst=MEDIUMCONST -pconst=CONST \
  -AFARRAM=00h-00h -ACONFIG=0300000h-030000Dh -pconfig=CONFIG \
  -AIDLOC=0200000h-0200007h -pidloc=IDLOC -AEEDATA=0F00000h-0F000FFh \
  -peeprom_data=EEDATA \
  -prdata=COMRAM,nvrram=COMRAM,nvbit=COMRAM,rbss=COMRAM,rbit=COMRAM \
  -pfarbss=FARRAM,fardata=FARRAM,nvFARRAM=FARRAM \
  -pintsave_regs=BIGRAM,bigbss=BIGRAM,bigdata=BIGRAM -pbss=RAM \
  -pidata=CODE,irdata=CODE,ibigdata=CODE,ifardata=CODE -prparam=COMRAM \
  C:\Users\sergi\AppData\Local\Temp\s27k.o \
  dist/default/production\menu_lcd.X.production.o 

Object code version is 3.11

Machine type is 18F45K50

Call graph: (short form)




                Name                               Link     Load   Length Selector   Space Scale
C:\Users\sergi\AppData\Local\Temp\s27k.o
                init                                114      114        4        4       0
                reset_vec                             0        0        4        0       0
                idloc                            200000   200000        8   200000       0
                config                           300000   300000        E   300000       0
dist/default/production\menu_lcd.X.production.o
                intcode                               8        8      10C        4       0
                temp                                 2C       2C        1        1       1
                smallconst                          800      800       6C      400       0
                text27                             116C     116C       5C      436       0
                text26                             13B8     13B8       18      436       0
                text25                             1418     1418        E      436       0
                text24                             1382     1382       1E      436       0
                text23                             121E     121E       56      436       0
                text22                              D0C      D0C      11A      436       0
                text21                             1086     1086       8A      436       0
                text20                              FFC      FFC       8A      436       0
                text19                              F72      F72       8A      436       0
                text18                             13E4     13E4       14      436       0
                text17                              ECC      ECC       A6      436       0
                text16                             133C     133C       28      436       0
                text14                             1110     1110       5C      436       0
                text13                             13A0     13A0       18      436       0
                text12                             1274     1274       4A      436       0
                text11                             13F8     13F8       12      436       0
                text10                              86C      86C      1DE      436       0
                text9                              1364     1364       1E      436       0
                text8                              11C8     11C8       56      436       0
                text7                               BF2      BF2      11A      436       0
                text6                              13D0     13D0       14      436       0
                text5                               E26      E26       A6      436       0
                text4                              140A     140A        E      436       0
                text3                              1426     1426        A      436       0
                text2                              1314     1314       28      436       0
                text1                              12EC     12EC       28      436       0
                text0                               A4A      A4A      1A8      436       0
                cstackCOMRAM                          1        1       27        1       1
                dataCOMRAM                           2A       2A        2        1       1
                bssCOMRAM                            28       28        2        1       1
                cinit                              12BE     12BE       2E      436       0
                idataCOMRAM                        1430     1430        2      436       0

TOTAL           Name                               Link     Load   Length     Space
        CLASS   STACK          

        CLASS   CODE           
                intcode                               8        8      10C         0
                init                                114      114        4         0
                reset_vec                             0        0        4         0
                text27                             116C     116C       5C         0
                text26                             13B8     13B8       18         0
                text25                             1418     1418        E         0
                text24                             1382     1382       1E         0
                text23                             121E     121E       56         0
                text22                              D0C      D0C      11A         0
                text21                             1086     1086       8A         0
                text20                              FFC      FFC       8A         0
                text19                              F72      F72       8A         0
                text18                             13E4     13E4       14         0
                text17                              ECC      ECC       A6         0
                text16                             133C     133C       28         0
                text14                             1110     1110       5C         0
                text13                             13A0     13A0       18         0
                text12                             1274     1274       4A         0
                text11                             13F8     13F8       12         0
                text10                              86C      86C      1DE         0
                text9                              1364     1364       1E         0
                text8                              11C8     11C8       56         0
                text7                               BF2      BF2      11A         0
                text6                              13D0     13D0       14         0
                text5                               E26      E26       A6         0
                text4                              140A     140A        E         0
                text3                              1426     1426        A         0
                text2                              1314     1314       28         0
                text1                              12EC     12EC       28         0
                text0                               A4A      A4A      1A8         0
                cinit                              12BE     12BE       2E         0
                idataCOMRAM                        1430     1430        2         0

        CLASS   CONST          

        CLASS   SMALLCONST     
                smallconst                          800      800       6C         0

        CLASS   MEDIUMCONST    

        CLASS   COMRAM         
                temp                                 2C       2C        1         1
                cstackCOMRAM                          1        1       27         1
                dataCOMRAM                           2A       2A        2         1
                bssCOMRAM                            28       28        2         1

        CLASS   ABS1           

        CLASS   BIGRAM         

        CLASS   RAM            

        CLASS   BANK0          

        CLASS   BANK1          

        CLASS   BANK2          

        CLASS   BANK3          

        CLASS   BANK4          

        CLASS   BANK5          

        CLASS   BANK6          

        CLASS   BANK7          

        CLASS   SFR            

        CLASS   FARRAM         

        CLASS   CONFIG         
                config                           300000   300000        E         0

        CLASS   IDLOC          
                idloc                            200000   200000        8         0

        CLASS   EEDATA         



SEGMENTS        Name                           Load    Length   Top    Selector   Space  Class

                reset_vec                      000000  000004  000004         0       0  CODE    
                cstackCOMRAM                   000001  00002C  00002D         1       1  COMRAM  
                intcode                        000008  000110  000118         4       0  CODE    
                smallconst                     000800  00006C  00086C       400       0  SMALLCON
                text10                         00086C  000BC6  001432       436       0  CODE    
                idloc                          200000  000008  200008    200000       0  IDLOC   
                config                         300000  00000E  30000E    300000       0  CONFIG  


UNUSED ADDRESS RANGES

        Name                Unused          Largest block    Delta
        BANK0            000060-0000FF               A0
        BANK1            000100-0001FF              100
        BANK2            000200-0002FF              100
        BANK3            000300-0003FF              100
        BANK4            000400-0004FF              100
        BANK5            000500-0005FF              100
        BANK6            000600-0006FF              100
        BANK7            000700-0007FF              100
        BIGRAM           00002D-0007FF              7D3
        CODE             000004-000007                4
                         000118-0007FF              6E8
                         001432-007FFF             6BCE
        COMRAM           00002D-00005F               33
        CONST            000004-000007                4
                         000118-0007FF              6E8
                         001432-007FFF             6BCE
        EEDATA           F00000-F000FF              100
        MEDIUMCONST      001432-007FFF             6BCE
        RAM              000060-0007FF              100
        SFR              000F53-000FFF                D
        SMALLCONST       001432-007FFF              100
        STACK            000060-0007FF              7A0

                                  Symbol Table

_ANSELA                    (abs)        000F5B
_ANSELB                    (abs)        000F5C
_ANSELD                    (abs)        000F5E
_ANSELE                    (abs)        000F5F
_INTCON2bits               (abs)        000FF1
_INTCON3bits               (abs)        000FF0
_INTCONbits                (abs)        000FF2
_OSCCON                    (abs)        000FD3
_OSCCON2                   (abs)        000FD2
_PORTAbits                 (abs)        000F80
_PORTDbits                 (abs)        000F83
_PORTEbits                 (abs)        000F84
_TRISA                     (abs)        000F92
_TRISB                     (abs)        000F93
_TRISBbits                 (abs)        000F93
_TRISD                     (abs)        000F95
_TRISE                     (abs)        000F96
__CFG_BOREN$SBORDIS        (abs)        000000
__CFG_BORV$190             (abs)        000000
__CFG_CCP2MX$RC1           (abs)        000000
__CFG_CFGPLLEN$OFF         (abs)        000000
__CFG_CP0$OFF              (abs)        000000
__CFG_CP1$OFF              (abs)        000000
__CFG_CP2$OFF              (abs)        000000
__CFG_CP3$OFF              (abs)        000000
__CFG_CPB$OFF              (abs)        000000
__CFG_CPD$OFF              (abs)        000000
__CFG_CPUDIV$NOCLKDIV      (abs)        000000
__CFG_EBTR0$OFF            (abs)        000000
__CFG_EBTR1$OFF            (abs)        000000
__CFG_EBTR2$OFF            (abs)        000000
__CFG_EBTR3$OFF            (abs)        000000
__CFG_EBTRB$OFF            (abs)        000000
__CFG_FCMEN$OFF            (abs)        000000
__CFG_FOSC$INTOSCIO        (abs)        000000
__CFG_ICPRT$OFF            (abs)        000000
__CFG_IESO$OFF             (abs)        000000
__CFG_LS48MHZ$SYS24X4      (abs)        000000
__CFG_LVP$ON               (abs)        000000
__CFG_MCLRE$ON             (abs)        000000
__CFG_PBADEN$ON            (abs)        000000
__CFG_PCLKEN$ON            (abs)        000000
__CFG_PLLSEL$PLL4X         (abs)        000000
__CFG_SDOMX$RB3            (abs)        000000
__CFG_STVREN$ON            (abs)        000000
__CFG_T3CMX$RC0            (abs)        000000
__CFG_WDTEN$OFF            (abs)        000000
__CFG_WDTPS$32768          (abs)        000000
__CFG_WRT0$OFF             (abs)        000000
__CFG_WRT1$OFF             (abs)        000000
__CFG_WRT2$OFF             (abs)        000000
__CFG_WRT3$OFF             (abs)        000000
__CFG_WRTB$OFF             (abs)        000000
__CFG_WRTC$OFF             (abs)        000000
__CFG_WRTD$OFF             (abs)        000000
__CFG_XINST$OFF            (abs)        000000
__CFG_nLPBOR$OFF           (abs)        000000
__CFG_nPWRTEN$OFF          (abs)        000000
__HRAM                     (abs)        000000
__Habs1                    abs1         000000
__Hbank0                   bank0        000000
__Hbank1                   bank1        000000
__Hbank2                   bank2        000000
__Hbank3                   bank3        000000
__Hbank4                   bank4        000000
__Hbank5                   bank5        000000
__Hbank6                   bank6        000000
__Hbank7                   bank7        000000
__Hbigbss                  bigbss       000000
__Hbigdata                 bigdata      000000
__Hbigram                  bigram       000000
__Hbss                     bss          000000
__HbssCOMRAM               bssCOMRAM    000000
__Hcinit                   cinit        000000
__Hclrtext                 clrtext      000000
__Hcomram                  comram       000000
__Hconfig                  config       30000E
__Hconst                   const        000000
__HcstackCOMRAM            cstackCOMRAM 000000
__Hdata                    data         000000
__HdataCOMRAM              dataCOMRAM   000000
__Heeprom_data             eeprom_data  000000
__Hfarbss                  farbss       000000
__Hfardata                 fardata      000000
__Hibigdata                ibigdata     000000
__Hidata                   idata        000000
__HidataCOMRAM             idataCOMRAM  000000
__Hidloc                   idloc        200008
__Hifardata                ifardata     000000
__Hinit                    init         000118
__Hintcode                 intcode      000114
__Hintcode_body            intcode_body 000000
__Hintcodelo               intcodelo    000114
__Hintentry                intentry     000000
__Hintret                  intret       000000
__Hintsave_regs            intsave_regs 000000
__Hirdata                  irdata       000000
__Hmediumconst             mediumconst  000000
__HnvFARRAM                nvFARRAM     000000
__Hnvbit                   nvbit        000000
__Hnvrram                  nvrram       000000
__Hparam                   rparam       000000
__Hpowerup                 powerup      000114
__Hram                     ram          000000
__Hramtop                  ramtop       000800
__Hrbit                    rbit         000000
__Hrbss                    rbss         000000
__Hrdata                   rdata        000000
__Hreset_vec               reset_vec    000004
__Hrparam                  rparam       000000
__Hsfr                     sfr          000000
__Hsmallconst              smallconst   00086C
__Hspace_0                 (abs)        30000E
__Hspace_1                 (abs)        00002D
__Hspace_2                 (abs)        000000
__Hstack                   stack        000000
__Hstruct                  struct       000000
__Htemp                    temp         00002D
__Htext                    text         000000
__Htext0                   text0        000000
__Htext1                   text1        000000
__Htext10                  text10       000000
__Htext11                  text11       000000
__Htext12                  text12       000000
__Htext13                  text13       000000
__Htext14                  text14       000000
__Htext16                  text16       000000
__Htext17                  text17       000000
__Htext18                  text18       000000
__Htext19                  text19       000000
__Htext2                   text2        000000
__Htext20                  text20       000000
__Htext21                  text21       000000
__Htext22                  text22       000000
__Htext23                  text23       000000
__Htext24                  text24       000000
__Htext25                  text25       000000
__Htext26                  text26       000000
__Htext27                  text27       000000
__Htext3                   text3        000000
__Htext4                   text4        000000
__Htext5                   text5        000000
__Htext6                   text6        000000
__Htext7                   text7        000000
__Htext8                   text8        000000
__Htext9                   text9        000000
__LRAM                     (abs)        000001
__Labs1                    abs1         000000
__Lbank0                   bank0        000000
__Lbank1                   bank1        000000
__Lbank2                   bank2        000000
__Lbank3                   bank3        000000
__Lbank4                   bank4        000000
__Lbank5                   bank5        000000
__Lbank6                   bank6        000000
__Lbank7                   bank7        000000
__Lbigbss                  bigbss       000000
__Lbigdata                 bigdata      000000
__Lbigram                  bigram       000000
__Lbss                     bss          000000
__LbssCOMRAM               bssCOMRAM    000000
__Lcinit                   cinit        000000
__Lclrtext                 clrtext      000000
__Lcomram                  comram       000000
__Lconfig                  config       300000
__Lconst                   const        000000
__LcstackCOMRAM            cstackCOMRAM 000000
__Ldata                    data         000000
__LdataCOMRAM              dataCOMRAM   000000
__Leeprom_data             eeprom_data  000000
__Lfarbss                  farbss       000000
__Lfardata                 fardata      000000
__Libigdata                ibigdata     000000
__Lidata                   idata        000000
__LidataCOMRAM             idataCOMRAM  000000
__Lidloc                   idloc        200000
__Lifardata                ifardata     000000
__Linit                    init         000114
__Lintcode                 intcode      000008
__Lintcode_body            intcode_body 000000
__Lintcodelo               intcodelo    000114
__Lintentry                intentry     000000
__Lintret                  intret       000000
__Lintsave_regs            intsave_regs 000000
__Lirdata                  irdata       000000
__Lmediumconst             mediumconst  000000
__LnvFARRAM                nvFARRAM     000000
__Lnvbit                   nvbit        000000
__Lnvrram                  nvrram       000000
__Lparam                   rparam       000000
__Lpowerup                 powerup      000114
__Lram                     ram          000000
__Lramtop                  ramtop       000800
__Lrbit                    rbit         000000
__Lrbss                    rbss         000000
__Lrdata                   rdata        000000
__Lreset_vec               reset_vec    000000
__Lrparam                  rparam       000000
__Lsfr                     sfr          000000
__Lsmallconst              smallconst   000800
__Lspace_0                 (abs)        000000
__Lspace_1                 (abs)        000000
__Lspace_2                 (abs)        000000
__Lstack                   stack        000000
__Lstruct                  struct       000000
__Ltemp                    temp         00002C
__Ltext                    text         000000
__Ltext0                   text0        000000
__Ltext1                   text1        000000
__Ltext10                  text10       000000
__Ltext11                  text11       000000
__Ltext12                  text12       000000
__Ltext13                  text13       000000
__Ltext14                  text14       000000
__Ltext16                  text16       000000
__Ltext17                  text17       000000
__Ltext18                  text18       000000
__Ltext19                  text19       000000
__Ltext2                   text2        000000
__Ltext20                  text20       000000
__Ltext21                  text21       000000
__Ltext22                  text22       000000
__Ltext23                  text23       000000
__Ltext24                  text24       000000
__Ltext25                  text25       000000
__Ltext26                  text26       000000
__Ltext27                  text27       000000
__Ltext3                   text3        000000
__Ltext4                   text4        000000
__Ltext5                   text5        000000
__Ltext6                   text6        000000
__Ltext7                   text7        000000
__Ltext8                   text8        000000
__Ltext9                   text9        000000
__S0                       (abs)        30000E
__S1                       (abs)        00002D
__S2                       (abs)        000000
___inthi_sp                stack        000000
___intlo_sp                stack        000000
___param_bank              (abs)        000000
___rparam_used             (abs)        000001
___sp                      stack        000000
__accesstop                (abs)        000060
__activetblptr             (abs)        000001
__end_of__initialization   cinit        0012DA
__end_of_begin             text12       0012BE
__end_of_busdata           text14       00116C
__end_of_caracter          text9        001382
__end_of_clear             text25       001426
__end_of_comando           text13       0013B8
__end_of_conf              text11       00140A
__end_of_create            text10       000A4A
__end_of_first_int         intcode      000114
__end_of_main              text0        000BF2
__end_of_menu_dosis        text21       001110
__end_of_menu_glucosa      text20       001086
__end_of_menu_historial    text19       000FFC
__end_of_menu_principal    text5        000ECC
__end_of_ocultarcursor     text4        001418
__end_of_oscilador         text3        001430
__end_of_print             text8        00121E
__end_of_seleccion_down    text2        00133C
__end_of_seleccion_up      text1        001314
__end_of_setCursor         text7        000D0C
__end_of_writecaracter     text6        0013E4
__end_ofi2_busdata         text27       0011C8
__end_ofi2_caracter        text24       0013A0
__end_ofi2_comando         text26       0013D0
__end_ofi2_menu_principal  text17       000F72
__end_ofi2_print           text23       001274
__end_ofi2_seleccion_up    text16       001364
__end_ofi2_setCursor       text22       000E26
__end_ofi2_writecaracter   text18       0013F8
__initialization           cinit        0012BE
__mediumconst              mediumconst  000000
__pbssCOMRAM               bssCOMRAM    000028
__pcinit                   cinit        0012BE
__pcstackCOMRAM            cstackCOMRAM 000001
__pdataCOMRAM              dataCOMRAM   00002A
__pidataCOMRAM             idataCOMRAM  001430
__pintcode                 intcode      000008
__psmallconst              smallconst   000800
__ptext0                   text0        000A4A
__ptext1                   text1        0012EC
__ptext10                  text10       00086C
__ptext11                  text11       0013F8
__ptext12                  text12       001274
__ptext13                  text13       0013A0
__ptext14                  text14       001110
__ptext16                  text16       00133C
__ptext17                  text17       000ECC
__ptext18                  text18       0013E4
__ptext19                  text19       000F72
__ptext2                   text2        001314
__ptext20                  text20       000FFC
__ptext21                  text21       001086
__ptext22                  text22       000D0C
__ptext23                  text23       00121E
__ptext24                  text24       001382
__ptext25                  text25       001418
__ptext26                  text26       0013B8
__ptext27                  text27       00116C
__ptext3                   text3        001426
__ptext4                   text4        00140A
__ptext5                   text5        000E26
__ptext6                   text6        0013D0
__ptext7                   text7        000BF2
__ptext8                   text8        0011C8
__ptext9                   text9        001364
__ramtop                   ramtop       000800
__size_of_begin            (abs)        000000
__size_of_busdata          (abs)        000000
__size_of_caracter         (abs)        000000
__size_of_clear            (abs)        000000
__size_of_comando          (abs)        000000
__size_of_conf             (abs)        000000
__size_of_create           (abs)        000000
__size_of_first_int        (abs)        000000
__size_of_main             (abs)        000000
__size_of_menu_dosis       (abs)        000000
__size_of_menu_glucosa     (abs)        000000
__size_of_menu_historial   (abs)        000000
__size_of_menu_principal   (abs)        000000
__size_of_ocultarcursor    (abs)        000000
__size_of_oscilador        (abs)        000000
__size_of_print            (abs)        000000
__size_of_seleccion_down   (abs)        000000
__size_of_seleccion_up     (abs)        000000
__size_of_setCursor        (abs)        000000
__size_of_writecaracter    (abs)        000000
__size_ofi2_busdata        (abs)        000000
__size_ofi2_caracter       (abs)        000000
__size_ofi2_comando        (abs)        000000
__size_ofi2_menu_principal (abs)        000000
__size_ofi2_print          (abs)        000000
__size_ofi2_seleccion_up   (abs)        000000
__size_ofi2_setCursor      (abs)        000000
__size_ofi2_writecaracter  (abs)        000000
__smallconst               smallconst   000800
_a                         dataCOMRAM   00002A
_begin                     text12       001274
_busdata                   text14       001110
_caracter                  text9        001364
_clear                     text25       001418
_comando                   text13       0013A0
_conf                      text11       0013F8
_cont                      bssCOMRAM    000028
_create                    text10       00086C
_first_int                 intcode      000008
_main                      text0        000A4A
_menu_dosis                text21       001086
_menu_glucosa              text20       000FFC
_menu_historial            text19       000F72
_menu_principal            text5        000E26
_ocultarcursor             text4        00140A
_oscilador                 text3        001426
_print                     text8        0011C8
_seleccion_down            text2        001314
_seleccion_up              text1        0012EC
_setCursor                 text7        000BF2
_writecaracter             text6        0013D0
btemp                      temp         00002C
busdata@a                  cstackCOMRAM 000013
caracter@a                 cstackCOMRAM 000017
caracter@m                 cstackCOMRAM 000015
caracter@n                 cstackCOMRAM 000016
comando@a                  cstackCOMRAM 000014
create@a                   cstackCOMRAM 00001E
create@b                   cstackCOMRAM 000015
create@c                   cstackCOMRAM 000016
create@d                   cstackCOMRAM 000017
create@e                   cstackCOMRAM 000018
create@f                   cstackCOMRAM 000019
create@g                   cstackCOMRAM 00001A
create@h                   cstackCOMRAM 00001B
create@i                   cstackCOMRAM 00001C
create@m                   cstackCOMRAM 00001F
create@m_172               cstackCOMRAM 000021
create@n                   cstackCOMRAM 000020
create@n_173               cstackCOMRAM 000022
end_of_initialization      cinit        0012DA
i2_busdata                 text27       00116C
i2_caracter                text24       001382
i2_comando                 text26       0013B8
i2_menu_principal          text17       000ECC
i2_print                   text23       00121E
i2_seleccion_up            text16       00133C
i2_setCursor               text22       000D0C
i2_writecaracter           text18       0013E4
i2busdata@a                cstackCOMRAM 000001
i2caracter@a               cstackCOMRAM 000005
i2caracter@m               cstackCOMRAM 000003
i2caracter@n               cstackCOMRAM 000004
i2comando@a                cstackCOMRAM 000002
i2print@a                  cstackCOMRAM 000006
i2print@k                  cstackCOMRAM 00000A
i2seleccion_up@a           cstackCOMRAM 00000C
i2setCursor@m              cstackCOMRAM 000007
i2setCursor@n              cstackCOMRAM 000008
i2setCursor@x              cstackCOMRAM 000009
i2setCursor@y              cstackCOMRAM 000003
i2writecaracter@a          cstackCOMRAM 000003
int$flags                  temp         00002C
intlevel0                  text         000000
intlevel1                  text         000000
intlevel2                  text         000000
intlevel3                  text         000000
print@a                    cstackCOMRAM 000018
print@k                    cstackCOMRAM 00001C
seleccion_down@a           cstackCOMRAM 00001E
seleccion_up@a             cstackCOMRAM 00001E
setCursor@m                cstackCOMRAM 000019
setCursor@n                cstackCOMRAM 00001A
setCursor@x                cstackCOMRAM 00001B
setCursor@y                cstackCOMRAM 000015
stackhi                    (abs)        0007FF
stacklo                    (abs)        000060
start                      init         000114
start_initialization       cinit        0012BE
ttemp5                     temp         00002D
ttemp6                     temp         000030
ttemp7                     temp         000034
writecaracter@a            cstackCOMRAM 000015
wtemp8                     temp         00002D


FUNCTION INFORMATION:

 *************** function _main *****************
 Defined at:
		line 34 in file "main.c"
 Parameters:    Size  Location     Type
  argc            2   34[COMRAM] int 
  argv            3   36[COMRAM] PTR PTR unsigned char 
 Auto vars:     Size  Location     Type
		None
 Return value:  Size  Location     Type
                  2   34[COMRAM] int 
 Registers used:
		wreg, status,2, status,0, tblptrl, tblptrh, tblptru, cstack
 Tracked objects:
		On entry : 
		On exit  : 
		Unchanged: 
 Data sizes:     COMRAM   BANK0   BANK1   BANK2   BANK3   BANK4   BANK5   BANK6   BANK7
      Params:         5       0       0       0       0       0       0       0       0
      Locals:         0       0       0       0       0       0       0       0       0
      Temps:          0       0       0       0       0       0       0       0       0
      Totals:         5       0       0       0       0       0       0       0       0
Total ram usage:        5 bytes
 Hardware stack levels required when called:   11
 This function calls:
		_begin
		_conf
		_create
		_menu_principal
		_ocultarcursor
		_oscilador
		_seleccion_down
		_seleccion_up
 This function is called by:
		Startup code after reset
 This function uses a non-reentrant model


 *************** function _seleccion_up *****************
 Defined at:
		line 168 in file "main.c"
 Parameters:    Size  Location     Type
  a               2   29[COMRAM] int 
 Auto vars:     Size  Location     Type
		None
 Return value:  Size  Location     Type
                  1    wreg      void 
 Registers used:
		wreg, status,2, status,0, tblptrl, tblptrh, tblptru, cstack
 Tracked objects:
		On entry : 
		On exit  : 
		Unchanged: 
 Data sizes:     COMRAM   BANK0   BANK1   BANK2   BANK3   BANK4   BANK5   BANK6   BANK7
      Params:         2       0       0       0       0       0       0       0       0
      Locals:         0       0       0       0       0       0       0       0       0
      Temps:          0       0       0       0       0       0       0       0       0
      Totals:         2       0       0       0       0       0       0       0       0
Total ram usage:        2 bytes
 Hardware stack levels used:    1
 Hardware stack levels required when called:   10
 This function calls:
		_print
		_setCursor
		_writecaracter
 This function is called by:
		_main
 This function uses a non-reentrant model


 *************** function _seleccion_down *****************
 Defined at:
		line 162 in file "main.c"
 Parameters:    Size  Location     Type
  a               2   29[COMRAM] int 
 Auto vars:     Size  Location     Type
		None
 Return value:  Size  Location     Type
                  1    wreg      void 
 Registers used:
		wreg, status,2, status,0, tblptrl, tblptrh, tblptru, cstack
 Tracked objects:
		On entry : 
		On exit  : 
		Unchanged: 
 Data sizes:     COMRAM   BANK0   BANK1   BANK2   BANK3   BANK4   BANK5   BANK6   BANK7
      Params:         2       0       0       0       0       0       0       0       0
      Locals:         0       0       0       0       0       0       0       0       0
      Temps:          0       0       0       0       0       0       0       0       0
      Totals:         2       0       0       0       0       0       0       0       0
Total ram usage:        2 bytes
 Hardware stack levels used:    1
 Hardware stack levels required when called:   10
 This function calls:
		_print
		_setCursor
		_writecaracter
 This function is called by:
		_main
 This function uses a non-reentrant model


 *************** function _oscilador *****************
 Defined at:
		line 87 in file "main.c"
 Parameters:    Size  Location     Type
		None
 Auto vars:     Size  Location     Type
		None
 Return value:  Size  Location     Type
                  1    wreg      void 
 Registers used:
		wreg, status,2
 Tracked objects:
		On entry : 
		On exit  : 
		Unchanged: 
 Data sizes:     COMRAM   BANK0   BANK1   BANK2   BANK3   BANK4   BANK5   BANK6   BANK7
      Params:         0       0       0       0       0       0       0       0       0
      Locals:         0       0       0       0       0       0       0       0       0
      Temps:          0       0       0       0       0       0       0       0       0
      Totals:         0       0       0       0       0       0       0       0       0
Total ram usage:        0 bytes
 Hardware stack levels used:    1
 Hardware stack levels required when called:    6
 This function calls:
		Nothing
 This function is called by:
		_main
 This function uses a non-reentrant model


 *************** function _ocultarcursor *****************
 Defined at:
		line 207 in file "LCD.c"
 Parameters:    Size  Location     Type
		None
 Auto vars:     Size  Location     Type
		None
 Return value:  Size  Location     Type
                  1    wreg      void 
 Registers used:
		wreg, status,2, cstack
 Tracked objects:
		On entry : 
		On exit  : 
		Unchanged: 
 Data sizes:     COMRAM   BANK0   BANK1   BANK2   BANK3   BANK4   BANK5   BANK6   BANK7
      Params:         0       0       0       0       0       0       0       0       0
      Locals:         0       0       0       0       0       0       0       0       0
      Temps:          0       0       0       0       0       0       0       0       0
      Totals:         0       0       0       0       0       0       0       0       0
Total ram usage:        0 bytes
 Hardware stack levels used:    1
 Hardware stack levels required when called:    8
 This function calls:
		_comando
 This function is called by:
		_main
 This function uses a non-reentrant model


 *************** function _menu_principal *****************
 Defined at:
		line 104 in file "main.c"
 Parameters:    Size  Location     Type
		None
 Auto vars:     Size  Location     Type
		None
 Return value:  Size  Location     Type
                  1    wreg      void 
 Registers used:
		wreg, status,2, status,0, tblptrl, tblptrh, tblptru, cstack
 Tracked objects:
		On entry : 
		On exit  : 
		Unchanged: 
 Data sizes:     COMRAM   BANK0   BANK1   BANK2   BANK3   BANK4   BANK5   BANK6   BANK7
      Params:         0       0       0       0       0       0       0       0       0
      Locals:         0       0       0       0       0       0       0       0       0
      Temps:          1       0       0       0       0       0       0       0       0
      Totals:         1       0       0       0       0       0       0       0       0
Total ram usage:        1 bytes
 Hardware stack levels used:    1
 Hardware stack levels required when called:   10
 This function calls:
		_print
		_setCursor
		_writecaracter
 This function is called by:
		_main
 This function uses a non-reentrant model


 *************** function _writecaracter *****************
 Defined at:
		line 190 in file "LCD.c"
 Parameters:    Size  Location     Type
  a               1    wreg     unsigned char 
 Auto vars:     Size  Location     Type
  a               1   20[COMRAM] unsigned char 
 Return value:  Size  Location     Type
                  1    wreg      void 
 Registers used:
		wreg, status,2, status,0, cstack
 Tracked objects:
		On entry : 
		On exit  : 
		Unchanged: 
 Data sizes:     COMRAM   BANK0   BANK1   BANK2   BANK3   BANK4   BANK5   BANK6   BANK7
      Params:         0       0       0       0       0       0       0       0       0
      Locals:         1       0       0       0       0       0       0       0       0
      Temps:          0       0       0       0       0       0       0       0       0
      Totals:         1       0       0       0       0       0       0       0       0
Total ram usage:        1 bytes
 Hardware stack levels used:    1
 Hardware stack levels required when called:    8
 This function calls:
		_comando
 This function is called by:
		_menu_principal
		_seleccion_down
		_seleccion_up
 This function uses a non-reentrant model


 *************** function _setCursor *****************
 Defined at:
		line 56 in file "LCD.c"
 Parameters:    Size  Location     Type
  x               1    wreg     unsigned char 
  y               1   20[COMRAM] unsigned char 
 Auto vars:     Size  Location     Type
  x               1   26[COMRAM] unsigned char 
  n               1   25[COMRAM] unsigned char 
  m               1   24[COMRAM] unsigned char 
 Return value:  Size  Location     Type
                  1    wreg      void 
 Registers used:
		wreg, status,2, status,0, cstack
 Tracked objects:
		On entry : 
		On exit  : 
		Unchanged: 
 Data sizes:     COMRAM   BANK0   BANK1   BANK2   BANK3   BANK4   BANK5   BANK6   BANK7
      Params:         1       0       0       0       0       0       0       0       0
      Locals:         3       0       0       0       0       0       0       0       0
      Temps:          3       0       0       0       0       0       0       0       0
      Totals:         7       0       0       0       0       0       0       0       0
Total ram usage:        7 bytes
 Hardware stack levels used:    1
 Hardware stack levels required when called:    8
 This function calls:
		_comando
 This function is called by:
		_menu_principal
		_seleccion_down
		_seleccion_up
 This function uses a non-reentrant model


 *************** function _print *****************
 Defined at:
		line 95 in file "LCD.c"
 Parameters:    Size  Location     Type
  a               2   23[COMRAM] PTR unsigned char 
		 -> STR_19(2), STR_18(2), STR_17(11), STR_16(11), 
		 -> STR_15(11), STR_14(10), STR_13(10), STR_12(9), 
		 -> STR_11(10), STR_10(8), STR_9(10), STR_8(9), 
		 -> STR_7(8), STR_6(6), STR_5(10), STR_4(6), 
		 -> STR_3(8), STR_2(5), STR_1(5), 
 Auto vars:     Size  Location     Type
  k               2   27[COMRAM] int 
 Return value:  Size  Location     Type
                  1    wreg      void 
 Registers used:
		wreg, status,2, status,0, tblptrl, tblptrh, tblptru, cstack
 Tracked objects:
		On entry : 
		On exit  : 
		Unchanged: 
 Data sizes:     COMRAM   BANK0   BANK1   BANK2   BANK3   BANK4   BANK5   BANK6   BANK7
      Params:         2       0       0       0       0       0       0       0       0
      Locals:         2       0       0       0       0       0       0       0       0
      Temps:          2       0       0       0       0       0       0       0       0
      Totals:         6       0       0       0       0       0       0       0       0
Total ram usage:        6 bytes
 Hardware stack levels used:    1
 Hardware stack levels required when called:    9
 This function calls:
		_caracter
 This function is called by:
		_menu_principal
		_seleccion_down
		_seleccion_up
 This function uses a non-reentrant model


 *************** function _caracter *****************
 Defined at:
		line 85 in file "LCD.c"
 Parameters:    Size  Location     Type
  a               1    wreg     unsigned char 
 Auto vars:     Size  Location     Type
  a               1   22[COMRAM] unsigned char 
  n               1   21[COMRAM] unsigned char 
  m               1   20[COMRAM] unsigned char 
 Return value:  Size  Location     Type
                  1    wreg      void 
 Registers used:
		wreg, status,2, status,0, cstack
 Tracked objects:
		On entry : 
		On exit  : 
		Unchanged: 
 Data sizes:     COMRAM   BANK0   BANK1   BANK2   BANK3   BANK4   BANK5   BANK6   BANK7
      Params:         0       0       0       0       0       0       0       0       0
      Locals:         3       0       0       0       0       0       0       0       0
      Temps:          0       0       0       0       0       0       0       0       0
      Totals:         3       0       0       0       0       0       0       0       0
Total ram usage:        3 bytes
 Hardware stack levels used:    1
 Hardware stack levels required when called:    8
 This function calls:
		_comando
 This function is called by:
		_print
 This function uses a non-reentrant model


 *************** function _create *****************
 Defined at:
		line 101 in file "LCD.c"
 Parameters:    Size  Location     Type
  a               1    wreg     unsigned char 
  b               1   20[COMRAM] unsigned char 
  c               1   21[COMRAM] unsigned char 
  d               1   22[COMRAM] unsigned char 
  e               1   23[COMRAM] unsigned char 
  f               1   24[COMRAM] unsigned char 
  g               1   25[COMRAM] unsigned char 
  h               1   26[COMRAM] unsigned char 
  i               1   27[COMRAM] unsigned char 
 Auto vars:     Size  Location     Type
  a               1   29[COMRAM] unsigned char 
  n               1   33[COMRAM] unsigned char 
  m               1   32[COMRAM] unsigned char 
  n               1   31[COMRAM] unsigned char 
  m               1   30[COMRAM] unsigned char 
 Return value:  Size  Location     Type
                  1    wreg      void 
 Registers used:
		wreg, status,2, status,0, cstack
 Tracked objects:
		On entry : 
		On exit  : 
		Unchanged: 
 Data sizes:     COMRAM   BANK0   BANK1   BANK2   BANK3   BANK4   BANK5   BANK6   BANK7
      Params:         8       0       0       0       0       0       0       0       0
      Locals:         5       0       0       0       0       0       0       0       0
      Temps:          1       0       0       0       0       0       0       0       0
      Totals:        14       0       0       0       0       0       0       0       0
Total ram usage:       14 bytes
 Hardware stack levels used:    1
 Hardware stack levels required when called:    8
 This function calls:
		_comando
 This function is called by:
		_main
 This function uses a non-reentrant model


 *************** function _conf *****************
 Defined at:
		line 92 in file "main.c"
 Parameters:    Size  Location     Type
		None
 Auto vars:     Size  Location     Type
		None
 Return value:  Size  Location     Type
                  1    wreg      void 
 Registers used:
		None
 Tracked objects:
		On entry : 
		On exit  : 
		Unchanged: 
 Data sizes:     COMRAM   BANK0   BANK1   BANK2   BANK3   BANK4   BANK5   BANK6   BANK7
      Params:         0       0       0       0       0       0       0       0       0
      Locals:         0       0       0       0       0       0       0       0       0
      Temps:          0       0       0       0       0       0       0       0       0
      Totals:         0       0       0       0       0       0       0       0       0
Total ram usage:        0 bytes
 Hardware stack levels used:    1
 Hardware stack levels required when called:    6
 This function calls:
		Nothing
 This function is called by:
		_main
 This function uses a non-reentrant model


 *************** function _begin *****************
 Defined at:
		line 41 in file "LCD.c"
 Parameters:    Size  Location     Type
		None
 Auto vars:     Size  Location     Type
		None
 Return value:  Size  Location     Type
                  1    wreg      void 
 Registers used:
		wreg, status,2, cstack
 Tracked objects:
		On entry : 
		On exit  : 
		Unchanged: 
 Data sizes:     COMRAM   BANK0   BANK1   BANK2   BANK3   BANK4   BANK5   BANK6   BANK7
      Params:         0       0       0       0       0       0       0       0       0
      Locals:         0       0       0       0       0       0       0       0       0
      Temps:          0       0       0       0       0       0       0       0       0
      Totals:         0       0       0       0       0       0       0       0       0
Total ram usage:        0 bytes
 Hardware stack levels used:    1
 Hardware stack levels required when called:    8
 This function calls:
		_comando
 This function is called by:
		_main
 This function uses a non-reentrant model


 *************** function _comando *****************
 Defined at:
		line 32 in file "LCD.c"
 Parameters:    Size  Location     Type
  a               1    wreg     unsigned char 
 Auto vars:     Size  Location     Type
  a               1   19[COMRAM] unsigned char 
 Return value:  Size  Location     Type
                  1    wreg      void 
 Registers used:
		wreg, status,2, cstack
 Tracked objects:
		On entry : 
		On exit  : 
		Unchanged: 
 Data sizes:     COMRAM   BANK0   BANK1   BANK2   BANK3   BANK4   BANK5   BANK6   BANK7
      Params:         0       0       0       0       0       0       0       0       0
      Locals:         1       0       0       0       0       0       0       0       0
      Temps:          0       0       0       0       0       0       0       0       0
      Totals:         1       0       0       0       0       0       0       0       0
Total ram usage:        1 bytes
 Hardware stack levels used:    1
 Hardware stack levels required when called:    7
 This function calls:
		_busdata
 This function is called by:
		_begin
		_setCursor
		_caracter
		_create
		_writecaracter
		_ocultarcursor
		_home
 This function uses a non-reentrant model


 *************** function _busdata *****************
 Defined at:
		line 4 in file "LCD.c"
 Parameters:    Size  Location     Type
  a               1    wreg     unsigned char 
 Auto vars:     Size  Location     Type
  a               1   18[COMRAM] unsigned char 
 Return value:  Size  Location     Type
                  1    wreg      void 
 Registers used:
		wreg
 Tracked objects:
		On entry : 
		On exit  : 
		Unchanged: 
 Data sizes:     COMRAM   BANK0   BANK1   BANK2   BANK3   BANK4   BANK5   BANK6   BANK7
      Params:         0       0       0       0       0       0       0       0       0
      Locals:         1       0       0       0       0       0       0       0       0
      Temps:          0       0       0       0       0       0       0       0       0
      Totals:         1       0       0       0       0       0       0       0       0
Total ram usage:        1 bytes
 Hardware stack levels used:    1
 Hardware stack levels required when called:    6
 This function calls:
		Nothing
 This function is called by:
		_comando
 This function uses a non-reentrant model


 *************** function _first_int *****************
 Defined at:
		line 174 in file "main.c"
 Parameters:    Size  Location     Type
		None
 Auto vars:     Size  Location     Type
		None
 Return value:  Size  Location     Type
                  1    wreg      void 
 Registers used:
		wreg, status,2, status,0, tblptrl, tblptrh, tblptru, cstack
 Tracked objects:
		On entry : 
		On exit  : 
		Unchanged: 
 Data sizes:     COMRAM   BANK0   BANK1   BANK2   BANK3   BANK4   BANK5   BANK6   BANK7
      Params:         0       0       0       0       0       0       0       0       0
      Locals:         0       0       0       0       0       0       0       0       0
      Temps:          5       0       0       0       0       0       0       0       0
      Totals:         5       0       0       0       0       0       0       0       0
Total ram usage:        5 bytes
 Hardware stack levels used:    1
 Hardware stack levels required when called:    5
 This function calls:
		_clear
		_menu_dosis
		_menu_glucosa
		_menu_historial
		i2_menu_principal
		i2_seleccion_up
 This function is called by:
		Interrupt level 2
 This function uses a non-reentrant model


 *************** function i2_seleccion_up *****************
 Defined at:
		line 168 in file "main.c"
 Parameters:    Size  Location     Type
  a               2   11[COMRAM] int 
 Auto vars:     Size  Location     Type
		None
 Return value:  Size  Location     Type
                  1    wreg      void 
 Registers used:
		wreg, status,2, status,0, tblptrl, tblptrh, tblptru, cstack
 Tracked objects:
		On entry : 
		On exit  : 
		Unchanged: 
 Data sizes:     COMRAM   BANK0   BANK1   BANK2   BANK3   BANK4   BANK5   BANK6   BANK7
      Params:         2       0       0       0       0       0       0       0       0
      Locals:         0       0       0       0       0       0       0       0       0
      Temps:          0       0       0       0       0       0       0       0       0
      Totals:         2       0       0       0       0       0       0       0       0
Total ram usage:        2 bytes
 Hardware stack levels used:    1
 Hardware stack levels required when called:    4
 This function calls:
		i2_print
		i2_setCursor
		i2_writecaracter
 This function is called by:
		_first_int
 This function uses a non-reentrant model


 *************** function i2_menu_principal *****************
 Defined at:
		line 104 in file "main.c"
 Parameters:    Size  Location     Type
		None
 Auto vars:     Size  Location     Type
		None
 Return value:  Size  Location     Type
                  1    wreg      void 
 Registers used:
		wreg, status,2, status,0, tblptrl, tblptrh, tblptru, cstack
 Tracked objects:
		On entry : 
		On exit  : 
		Unchanged: 
 Data sizes:     COMRAM   BANK0   BANK1   BANK2   BANK3   BANK4   BANK5   BANK6   BANK7
      Params:         0       0       0       0       0       0       0       0       0
      Locals:         0       0       0       0       0       0       0       0       0
      Temps:          1       0       0       0       0       0       0       0       0
      Totals:         1       0       0       0       0       0       0       0       0
Total ram usage:        1 bytes
 Hardware stack levels used:    1
 Hardware stack levels required when called:    4
 This function calls:
		i2_print
		i2_setCursor
		i2_writecaracter
 This function is called by:
		_first_int
 This function uses a non-reentrant model


 *************** function i2_writecaracter *****************
 Defined at:
		line 190 in file "LCD.c"
 Parameters:    Size  Location     Type
  a               1    wreg     unsigned char 
 Auto vars:     Size  Location     Type
  a               1    2[COMRAM] unsigned char 
 Return value:  Size  Location     Type
                  1    wreg      void 
 Registers used:
		wreg, status,2, status,0, cstack
 Tracked objects:
		On entry : 
		On exit  : 
		Unchanged: 
 Data sizes:     COMRAM   BANK0   BANK1   BANK2   BANK3   BANK4   BANK5   BANK6   BANK7
      Params:         0       0       0       0       0       0       0       0       0
      Locals:         1       0       0       0       0       0       0       0       0
      Temps:          0       0       0       0       0       0       0       0       0
      Totals:         1       0       0       0       0       0       0       0       0
Total ram usage:        1 bytes
 Hardware stack levels used:    1
 Hardware stack levels required when called:    2
 This function calls:
		i2_comando
 This function is called by:
		i2_menu_principal
		i2_seleccion_up
 This function uses a non-reentrant model


 *************** function _menu_historial *****************
 Defined at:
		line 147 in file "main.c"
 Parameters:    Size  Location     Type
		None
 Auto vars:     Size  Location     Type
		None
 Return value:  Size  Location     Type
                  1    wreg      void 
 Registers used:
		wreg, status,2, status,0, tblptrl, tblptrh, tblptru, cstack
 Tracked objects:
		On entry : 
		On exit  : 
		Unchanged: 
 Data sizes:     COMRAM   BANK0   BANK1   BANK2   BANK3   BANK4   BANK5   BANK6   BANK7
      Params:         0       0       0       0       0       0       0       0       0
      Locals:         0       0       0       0       0       0       0       0       0
      Temps:          1       0       0       0       0       0       0       0       0
      Totals:         1       0       0       0       0       0       0       0       0
Total ram usage:        1 bytes
 Hardware stack levels used:    1
 Hardware stack levels required when called:    4
 This function calls:
		i2_print
		i2_setCursor
 This function is called by:
		_first_int
 This function uses a non-reentrant model


 *************** function _menu_glucosa *****************
 Defined at:
		line 134 in file "main.c"
 Parameters:    Size  Location     Type
		None
 Auto vars:     Size  Location     Type
		None
 Return value:  Size  Location     Type
                  1    wreg      void 
 Registers used:
		wreg, status,2, status,0, tblptrl, tblptrh, tblptru, cstack
 Tracked objects:
		On entry : 
		On exit  : 
		Unchanged: 
 Data sizes:     COMRAM   BANK0   BANK1   BANK2   BANK3   BANK4   BANK5   BANK6   BANK7
      Params:         0       0       0       0       0       0       0       0       0
      Locals:         0       0       0       0       0       0       0       0       0
      Temps:          1       0       0       0       0       0       0       0       0
      Totals:         1       0       0       0       0       0       0       0       0
Total ram usage:        1 bytes
 Hardware stack levels used:    1
 Hardware stack levels required when called:    4
 This function calls:
		i2_print
		i2_setCursor
 This function is called by:
		_first_int
 This function uses a non-reentrant model


 *************** function _menu_dosis *****************
 Defined at:
		line 121 in file "main.c"
 Parameters:    Size  Location     Type
		None
 Auto vars:     Size  Location     Type
		None
 Return value:  Size  Location     Type
                  1    wreg      void 
 Registers used:
		wreg, status,2, status,0, tblptrl, tblptrh, tblptru, cstack
 Tracked objects:
		On entry : 
		On exit  : 
		Unchanged: 
 Data sizes:     COMRAM   BANK0   BANK1   BANK2   BANK3   BANK4   BANK5   BANK6   BANK7
      Params:         0       0       0       0       0       0       0       0       0
      Locals:         0       0       0       0       0       0       0       0       0
      Temps:          1       0       0       0       0       0       0       0       0
      Totals:         1       0       0       0       0       0       0       0       0
Total ram usage:        1 bytes
 Hardware stack levels used:    1
 Hardware stack levels required when called:    4
 This function calls:
		i2_print
		i2_setCursor
 This function is called by:
		_first_int
 This function uses a non-reentrant model


 *************** function i2_setCursor *****************
 Defined at:
		line 56 in file "LCD.c"
 Parameters:    Size  Location     Type
  x               1    wreg     unsigned char 
  y               1    2[COMRAM] unsigned char 
 Auto vars:     Size  Location     Type
  x               1    8[COMRAM] unsigned char 
  setCursor       1    7[COMRAM] unsigned char 
  setCursor       1    6[COMRAM] unsigned char 
 Return value:  Size  Location     Type
                  1    wreg      void 
 Registers used:
		wreg, status,2, status,0, cstack
 Tracked objects:
		On entry : 
		On exit  : 
		Unchanged: 
 Data sizes:     COMRAM   BANK0   BANK1   BANK2   BANK3   BANK4   BANK5   BANK6   BANK7
      Params:         1       0       0       0       0       0       0       0       0
      Locals:         3       0       0       0       0       0       0       0       0
      Temps:          3       0       0       0       0       0       0       0       0
      Totals:         7       0       0       0       0       0       0       0       0
Total ram usage:        7 bytes
 Hardware stack levels used:    1
 Hardware stack levels required when called:    2
 This function calls:
		i2_comando
 This function is called by:
		_menu_dosis
		_menu_glucosa
		_menu_historial
		i2_menu_principal
		i2_seleccion_up
 This function uses a non-reentrant model


 *************** function i2_print *****************
 Defined at:
		line 95 in file "LCD.c"
 Parameters:    Size  Location     Type
  a               2    5[COMRAM] PTR unsigned char 
		 -> STR_19(2), STR_18(2), STR_17(11), STR_16(11), 
		 -> STR_15(11), STR_14(10), STR_13(10), STR_12(9), 
		 -> STR_11(10), STR_10(8), STR_9(10), STR_8(9), 
		 -> STR_7(8), STR_6(6), STR_5(10), STR_4(6), 
		 -> STR_3(8), STR_2(5), STR_1(5), 
 Auto vars:     Size  Location     Type
  print           2    9[COMRAM] int 
 Return value:  Size  Location     Type
                  1    wreg      void 
 Registers used:
		wreg, status,2, status,0, tblptrl, tblptrh, tblptru, cstack
 Tracked objects:
		On entry : 
		On exit  : 
		Unchanged: 
 Data sizes:     COMRAM   BANK0   BANK1   BANK2   BANK3   BANK4   BANK5   BANK6   BANK7
      Params:         2       0       0       0       0       0       0       0       0
      Locals:         2       0       0       0       0       0       0       0       0
      Temps:          2       0       0       0       0       0       0       0       0
      Totals:         6       0       0       0       0       0       0       0       0
Total ram usage:        6 bytes
 Hardware stack levels used:    1
 Hardware stack levels required when called:    3
 This function calls:
		i2_caracter
 This function is called by:
		_menu_dosis
		_menu_glucosa
		_menu_historial
		i2_menu_principal
		i2_seleccion_up
 This function uses a non-reentrant model


 *************** function i2_caracter *****************
 Defined at:
		line 85 in file "LCD.c"
 Parameters:    Size  Location     Type
  a               1    wreg     unsigned char 
 Auto vars:     Size  Location     Type
  a               1    4[COMRAM] unsigned char 
  caracter        1    3[COMRAM] unsigned char 
  caracter        1    2[COMRAM] unsigned char 
 Return value:  Size  Location     Type
                  1    wreg      void 
 Registers used:
		wreg, status,2, status,0, cstack
 Tracked objects:
		On entry : 
		On exit  : 
		Unchanged: 
 Data sizes:     COMRAM   BANK0   BANK1   BANK2   BANK3   BANK4   BANK5   BANK6   BANK7
      Params:         0       0       0       0       0       0       0       0       0
      Locals:         3       0       0       0       0       0       0       0       0
      Temps:          0       0       0       0       0       0       0       0       0
      Totals:         3       0       0       0       0       0       0       0       0
Total ram usage:        3 bytes
 Hardware stack levels used:    1
 Hardware stack levels required when called:    2
 This function calls:
		i2_comando
 This function is called by:
		i2_print
 This function uses a non-reentrant model


 *************** function _clear *****************
 Defined at:
		line 197 in file "LCD.c"
 Parameters:    Size  Location     Type
		None
 Auto vars:     Size  Location     Type
		None
 Return value:  Size  Location     Type
                  1    wreg      void 
 Registers used:
		wreg, status,2, cstack
 Tracked objects:
		On entry : 
		On exit  : 
		Unchanged: 
 Data sizes:     COMRAM   BANK0   BANK1   BANK2   BANK3   BANK4   BANK5   BANK6   BANK7
      Params:         0       0       0       0       0       0       0       0       0
      Locals:         0       0       0       0       0       0       0       0       0
      Temps:          0       0       0       0       0       0       0       0       0
      Totals:         0       0       0       0       0       0       0       0       0
Total ram usage:        0 bytes
 Hardware stack levels used:    1
 Hardware stack levels required when called:    2
 This function calls:
		i2_comando
 This function is called by:
		_first_int
 This function uses a non-reentrant model


 *************** function i2_comando *****************
 Defined at:
		line 32 in file "LCD.c"
 Parameters:    Size  Location     Type
  a               1    wreg     unsigned char 
 Auto vars:     Size  Location     Type
  a               1    1[COMRAM] unsigned char 
 Return value:  Size  Location     Type
                  1    wreg      void 
 Registers used:
		wreg, status,2, cstack
 Tracked objects:
		On entry : 
		On exit  : 
		Unchanged: 
 Data sizes:     COMRAM   BANK0   BANK1   BANK2   BANK3   BANK4   BANK5   BANK6   BANK7
      Params:         0       0       0       0       0       0       0       0       0
      Locals:         1       0       0       0       0       0       0       0       0
      Temps:          0       0       0       0       0       0       0       0       0
      Totals:         1       0       0       0       0       0       0       0       0
Total ram usage:        1 bytes
 Hardware stack levels used:    1
 Hardware stack levels required when called:    1
 This function calls:
		i2_busdata
 This function is called by:
		_clear
		i2_setCursor
		i2_caracter
		i2_writecaracter
 This function uses a non-reentrant model


 *************** function i2_busdata *****************
 Defined at:
		line 4 in file "LCD.c"
 Parameters:    Size  Location     Type
  a               1    wreg     unsigned char 
 Auto vars:     Size  Location     Type
  a               1    0[COMRAM] unsigned char 
 Return value:  Size  Location     Type
                  1    wreg      void 
 Registers used:
		wreg
 Tracked objects:
		On entry : 
		On exit  : 
		Unchanged: 
 Data sizes:     COMRAM   BANK0   BANK1   BANK2   BANK3   BANK4   BANK5   BANK6   BANK7
      Params:         0       0       0       0       0       0       0       0       0
      Locals:         1       0       0       0       0       0       0       0       0
      Temps:          0       0       0       0       0       0       0       0       0
      Totals:         1       0       0       0       0       0       0       0       0
Total ram usage:        1 bytes
 Hardware stack levels used:    1
 This function calls:
		Nothing
 This function is called by:
		i2_comando
 This function uses a non-reentrant model



MODULE INFORMATION

Module		Function		Class		Link	Load	Size
shared
		i2_print       		CODE           	121E	0000	87
		i2_seleccion_up		CODE           	133C	0000	41
		i2_comando     		CODE           	13B8	0000	25
		i2_caracter    		CODE           	1382	0000	31
		__initialization		CODE           	12BE	0000	29
		i2_writecaracter		CODE           	13E4	0000	21
		i2_menu_principal		CODE           	0ECC	0000	167
		i2_setCursor   		CODE           	0D0C	0000	283
		i2_busdata     		CODE           	116C	0000	93

shared estimated size: 777

main.c
		_conf          		CODE           	13F8	0000	19
		_first_int     		CODE           	0008	0000	269
		_seleccion_up  		CODE           	12EC	0000	41
		_main          		CODE           	0A4A	0000	425
		_menu_dosis    		CODE           	1086	0000	139
		_menu_glucosa  		CODE           	0FFC	0000	139
		_seleccion_down		CODE           	1314	0000	41
		_oscilador     		CODE           	1426	0000	11
		_menu_principal		CODE           	0E26	0000	167
		_menu_historial		CODE           	0F72	0000	139

main.c estimated size: 1390

LCD.c
		_comando       		CODE           	13A0	0000	25
		_busdata       		CODE           	1110	0000	93
		_writecaracter 		CODE           	13D0	0000	21
		_ocultarcursor 		CODE           	140A	0000	15
		_print         		CODE           	11C8	0000	87
		_begin         		CODE           	1274	0000	75
		_setCursor     		CODE           	0BF2	0000	283
		_clear         		CODE           	1418	0000	15
		_caracter      		CODE           	1364	0000	31
		_create        		CODE           	086C	0000	479

LCD.c estimated size: 1124

